B97815E4326ADFC0
0E4137D68C9FAB52
ADF6C28B0514379E
3C52A09FD7EB1468
C46AB8215E0793FD
82E37C0A69FDB514
9F074E5DC3B12A86
51BD6F3924A8CE07
E89F2147BAC360D5
47DB536C1820F9EA
23A09DFE467581BC
651C8AB09FDE7243
7A89DB12E05C463F
DBCEF475A1360829
1024E6A3FD895C7B
F63509C87B42EDA1
