D7613894F2AC5EB0
C034D1A658BE92F7
B5FAE0C2D1973468
89E257BF4306DCA1
EF704A6D15C82B93
569C7F0B3A2DE184
324D198E76FBA0C5
A1B8C325E049F67D
73DF9B182E64C50A
2415A637BCD089EF
0B86FEDCA9751342
9ACE25408F3167DB
1D2384796BEA0F5C
48A902E1C75FBD36
6E57BCF30D824A19
FC0B6D5A9413782E
