CE0A3FB1249865D7
871BADE250C649F3
3F62C495A7D10BE8
59D48760F3EB12AC
62F173C80B59DE4A
DAB7925E1C34F806
EC35D04B6A8F9712
4890F1A6E27DC35B
23CD15049FB78A6E
9B5FEA874D6231C0
70A8B6FDCE135429
14E62C39850A7FBD
F67C5B13D92EA084
B54E09DF78AC2631
A123487CB6F0ED95
0D896E2A3145BC7F
